[2026-08-19 11:19:17.395011] WARNING: file globals.py: line 168: Failed to find coverage installation. This can be installed with pip3 install coverage

[2026-08-19 11:19:18.200195] |==============================================================================|
[2026-08-19 11:19:18.200332] |=========                      OpenRAM v1.2.49                       =========|
[2026-08-19 11:19:18.200368] |=========                                                            =========|
[2026-08-19 11:19:18.200389] |=========               VLSI Design and Automation Lab               =========|
[2026-08-19 11:19:18.200408] |=========        Computer Science and Engineering Department         =========|
[2026-08-19 11:19:18.200428] |=========            University of California Santa Cruz             =========|
[2026-08-19 11:19:18.200448] |=========                                                            =========|
[2026-08-19 11:19:18.200467] |=========          Usage help: openram-user-group@ucsc.edu           =========|
[2026-08-19 11:19:18.200484] |=========        Development help: openram-dev-group@ucsc.edu        =========|
[2026-08-19 11:19:18.200503] |=========                See LICENSE for license info                =========|
[2026-08-19 11:19:18.200520] |==============================================================================|
[2026-08-19 11:19:18.200543] ** Start: 08/19/2026 11:19:18
[2026-08-19 11:19:18.200563] Output files are: 
[2026-08-19 11:19:18.200581] /home/rithwik/model2rtl/build/stage5/weights_l1_b0/out/weights_l1_b0.sp
[2026-08-19 11:19:18.200597] /home/rithwik/model2rtl/build/stage5/weights_l1_b0/out/weights_l1_b0.v
[2026-08-19 11:19:18.200613] /home/rithwik/model2rtl/build/stage5/weights_l1_b0/out/weights_l1_b0.lef
[2026-08-19 11:19:18.200629] /home/rithwik/model2rtl/build/stage5/weights_l1_b0/out/weights_l1_b0.gds
[2026-08-19 11:19:18.204433] create rom of word size 4 with 784 num of words
[2026-08-19 11:21:25.700770] ** Submodules: 127.5 seconds
[2026-08-19 11:21:25.701360] ** Placement: 0.0 seconds
[2026-08-19 11:22:40.585792] ** Routing: 74.9 seconds
[2026-08-19 11:22:40.586003] ** Verification: 0.0 seconds
[2026-08-19 11:22:40.586041] ** ROM creation: 202.4 seconds
[2026-08-19 11:22:40.586070] SP: Writing to /home/rithwik/model2rtl/build/stage5/weights_l1_b0/out/weights_l1_b0.sp
[2026-08-19 11:22:40.817109] ** Spice writing: 0.2 seconds
[2026-08-19 11:22:40.817207] GDS: Writing to /home/rithwik/model2rtl/build/stage5/weights_l1_b0/out/weights_l1_b0.gds
[2026-08-19 11:22:41.084068] ** GDS: 0.3 seconds
[2026-08-19 11:22:41.084166] LEF: Writing to /home/rithwik/model2rtl/build/stage5/weights_l1_b0/out/weights_l1_b0.lef
[2026-08-19 11:22:41.085539] ** LEF: 0.0 seconds
[2026-08-19 11:22:41.085588] LVS: Writing to /home/rithwik/model2rtl/build/stage5/weights_l1_b0/out/weights_l1_b0.lvs.sp
[2026-08-19 11:22:41.314176] ** LVS writing: 0.2 seconds
[2026-08-19 11:22:41.314539] Config: Writing to /home/rithwik/model2rtl/build/stage5/weights_l1_b0/out/weights_l1_b0.py
[2026-08-19 11:22:41.314598] ** Config: 0.0 seconds
[2026-08-19 11:22:41.314624] Verilog: Writing to /home/rithwik/model2rtl/build/stage5/weights_l1_b0/out/weights_l1_b0.v
[2026-08-19 11:22:41.314723] ** Verilog: 0.0 seconds
[2026-08-19 11:22:41.315106] ** End: 203.1 seconds
