[2026-08-19 11:37:07.480527] WARNING: file globals.py: line 168: Failed to find coverage installation. This can be installed with pip3 install coverage

[2026-08-19 11:37:08.614256] |==============================================================================|
[2026-08-19 11:37:08.614379] |=========                      OpenRAM v1.2.49                       =========|
[2026-08-19 11:37:08.614421] |=========                                                            =========|
[2026-08-19 11:37:08.614445] |=========               VLSI Design and Automation Lab               =========|
[2026-08-19 11:37:08.614465] |=========        Computer Science and Engineering Department         =========|
[2026-08-19 11:37:08.614487] |=========            University of California Santa Cruz             =========|
[2026-08-19 11:37:08.614509] |=========                                                            =========|
[2026-08-19 11:37:08.614530] |=========          Usage help: openram-user-group@ucsc.edu           =========|
[2026-08-19 11:37:08.614549] |=========        Development help: openram-dev-group@ucsc.edu        =========|
[2026-08-19 11:37:08.614567] |=========                See LICENSE for license info                =========|
[2026-08-19 11:37:08.614585] |==============================================================================|
[2026-08-19 11:37:08.614610] ** Start: 08/19/2026 11:37:08
[2026-08-19 11:37:08.614634] Output files are: 
[2026-08-19 11:37:08.614654] /home/rithwik/model2rtl/build/stage5/drclvs/bias_l1/out/bias_l1.sp
[2026-08-19 11:37:08.614673] /home/rithwik/model2rtl/build/stage5/drclvs/bias_l1/out/bias_l1.v
[2026-08-19 11:37:08.614691] /home/rithwik/model2rtl/build/stage5/drclvs/bias_l1/out/bias_l1.lef
[2026-08-19 11:37:08.614708] /home/rithwik/model2rtl/build/stage5/drclvs/bias_l1/out/bias_l1.gds
[2026-08-19 11:37:08.614955] create rom of word size 3 with 32 num of words
[2026-08-19 11:37:09.241254] ** Submodules: 0.6 seconds
[2026-08-19 11:37:09.241818] ** Placement: 0.0 seconds
[2026-08-19 11:37:15.311082] ** Routing: 6.1 seconds
[2026-08-19 11:37:26.413145] WARNING: file magic.py: line 254: DRC Errors bias_l1	500

[2026-08-19 11:37:27.448386] ERROR: file magic.py: line 385: bias_l1	LVS mismatch (results in /tmp/openram_rithwik_103550_temp/bias_l1.lvs.report)

