[2026-08-18 15:54:43.334642] WARNING: file globals.py: line 168: Failed to find coverage installation. This can be installed with pip3 install coverage

[2026-08-18 15:54:44.139988] |==============================================================================|
[2026-08-18 15:54:44.140132] |=========                      OpenRAM v1.2.49                       =========|
[2026-08-18 15:54:44.140171] |=========                                                            =========|
[2026-08-18 15:54:44.140194] |=========               VLSI Design and Automation Lab               =========|
[2026-08-18 15:54:44.140214] |=========        Computer Science and Engineering Department         =========|
[2026-08-18 15:54:44.140234] |=========            University of California Santa Cruz             =========|
[2026-08-18 15:54:44.140255] |=========                                                            =========|
[2026-08-18 15:54:44.140274] |=========          Usage help: openram-user-group@ucsc.edu           =========|
[2026-08-18 15:54:44.140298] |=========        Development help: openram-dev-group@ucsc.edu        =========|
[2026-08-18 15:54:44.140317] |=========                See LICENSE for license info                =========|
[2026-08-18 15:54:44.140334] |==============================================================================|
[2026-08-18 15:54:44.140357] ** Start: 08/18/2026 15:54:44
[2026-08-18 15:54:44.140379] Output files are: 
[2026-08-18 15:54:44.140396] /home/rithwik/model2rtl/build/openram/sweep/weights_l2_wpr16/out/weights_l2_wpr16.sp
[2026-08-18 15:54:44.140414] /home/rithwik/model2rtl/build/openram/sweep/weights_l2_wpr16/out/weights_l2_wpr16.v
[2026-08-18 15:54:44.140430] /home/rithwik/model2rtl/build/openram/sweep/weights_l2_wpr16/out/weights_l2_wpr16.lef
[2026-08-18 15:54:44.140447] /home/rithwik/model2rtl/build/openram/sweep/weights_l2_wpr16/out/weights_l2_wpr16.gds
[2026-08-18 15:54:44.140721] create rom of word size 5 with 32 num of words
[2026-08-18 15:54:46.397500] WARNING: file hierarchy_layout.py: line 976: Pins don't align well so copying pins instead of connecting with pin.

[2026-08-18 15:54:46.398167] WARNING: file hierarchy_layout.py: line 976: Pins don't align well so copying pins instead of connecting with pin.

[2026-08-18 15:54:46.398680] WARNING: file hierarchy_layout.py: line 976: Pins don't align well so copying pins instead of connecting with pin.

[2026-08-18 15:54:46.399174] WARNING: file hierarchy_layout.py: line 976: Pins don't align well so copying pins instead of connecting with pin.

[2026-08-18 15:54:46.399780] WARNING: file hierarchy_layout.py: line 976: Pins don't align well so copying pins instead of connecting with pin.

[2026-08-18 15:54:46.400265] WARNING: file hierarchy_layout.py: line 976: Pins don't align well so copying pins instead of connecting with pin.

[2026-08-18 15:54:46.400752] WARNING: file hierarchy_layout.py: line 976: Pins don't align well so copying pins instead of connecting with pin.

[2026-08-18 15:54:47.501022] ** Submodules: 3.4 seconds
[2026-08-18 15:54:47.501595] ** Placement: 0.0 seconds
