[2026-08-18 15:49:12.790556] WARNING: file globals.py: line 168: Failed to find coverage installation. This can be installed with pip3 install coverage

[2026-08-18 15:49:13.596493] |==============================================================================|
[2026-08-18 15:49:13.596657] |=========                      OpenRAM v1.2.49                       =========|
[2026-08-18 15:49:13.596710] |=========                                                            =========|
[2026-08-18 15:49:13.596744] |=========               VLSI Design and Automation Lab               =========|
[2026-08-18 15:49:13.596763] |=========        Computer Science and Engineering Department         =========|
[2026-08-18 15:49:13.596784] |=========            University of California Santa Cruz             =========|
[2026-08-18 15:49:13.596805] |=========                                                            =========|
[2026-08-18 15:49:13.596824] |=========          Usage help: openram-user-group@ucsc.edu           =========|
[2026-08-18 15:49:13.596841] |=========        Development help: openram-dev-group@ucsc.edu        =========|
[2026-08-18 15:49:13.596860] |=========                See LICENSE for license info                =========|
[2026-08-18 15:49:13.596878] |==============================================================================|
[2026-08-18 15:49:13.596901] ** Start: 08/18/2026 15:49:13
[2026-08-18 15:49:13.596922] Output files are: 
[2026-08-18 15:49:13.596940] /home/rithwik/model2rtl/build/openram/smoke/out/smoke_rom_1kbyte.sp
[2026-08-18 15:49:13.596957] /home/rithwik/model2rtl/build/openram/smoke/out/smoke_rom_1kbyte.v
[2026-08-18 15:49:13.596974] /home/rithwik/model2rtl/build/openram/smoke/out/smoke_rom_1kbyte.lef
[2026-08-18 15:49:13.596990] /home/rithwik/model2rtl/build/openram/smoke/out/smoke_rom_1kbyte.gds
[2026-08-18 15:49:13.598377] create rom of word size 1 with 1024 num of words
[2026-08-18 15:49:28.493662] ** Submodules: 14.9 seconds
[2026-08-18 15:49:28.494225] ** Placement: 0.0 seconds
[2026-08-18 15:49:52.747362] ** Routing: 24.3 seconds
[2026-08-18 15:53:01.011989] WARNING: file magic.py: line 254: DRC Errors smoke_rom_1kbyte	830

[2026-08-18 15:53:08.976549] ERROR: file magic.py: line 385: smoke_rom_1kbyte	LVS mismatch (results in /tmp/openram_rithwik_266563_temp/smoke_rom_1kbyte.lvs.report)

