|==============================================================================|
|=========                      OpenRAM v1.2.49                       =========|
|=========                                                            =========|
|=========               VLSI Design and Automation Lab               =========|
|=========        Computer Science and Engineering Department         =========|
|=========            University of California Santa Cruz             =========|
|=========                                                            =========|
|=========          Usage help: openram-user-group@ucsc.edu           =========|
|=========        Development help: openram-dev-group@ucsc.edu        =========|
|=========                See LICENSE for license info                =========|
|==============================================================================|
** Start: 08/19/2026 11:33:12
Output files are: 
/home/rithwik/model2rtl/build/stage5/bias_l2/out/bias_l2.sp
/home/rithwik/model2rtl/build/stage5/bias_l2/out/bias_l2.v
/home/rithwik/model2rtl/build/stage5/bias_l2/out/bias_l2.lef
/home/rithwik/model2rtl/build/stage5/bias_l2/out/bias_l2.gds
create rom of word size 3 with 10 num of words
** Submodules: 0.4 seconds
** Placement: 0.0 seconds
** Routing: 4.8 seconds
** Verification: 0.0 seconds
** ROM creation: 5.3 seconds
SP: Writing to /home/rithwik/model2rtl/build/stage5/bias_l2/out/bias_l2.sp
** Spice writing: 0.0 seconds
GDS: Writing to /home/rithwik/model2rtl/build/stage5/bias_l2/out/bias_l2.gds
** GDS: 0.0 seconds
LEF: Writing to /home/rithwik/model2rtl/build/stage5/bias_l2/out/bias_l2.lef
** LEF: 0.0 seconds
LVS: Writing to /home/rithwik/model2rtl/build/stage5/bias_l2/out/bias_l2.lvs.sp
** LVS writing: 0.0 seconds
Config: Writing to /home/rithwik/model2rtl/build/stage5/bias_l2/out/bias_l2.py
** Config: 0.0 seconds
Verilog: Writing to /home/rithwik/model2rtl/build/stage5/bias_l2/out/bias_l2.v
** Verilog: 0.0 seconds
** End: 5.3 seconds
WARNING: file globals.py: line 168: Failed to find coverage installation. This can be installed with pip3 install coverage
WARNING: file hierarchy_layout.py: line 976: Pins don't align well so copying pins instead of connecting with pin.
WARNING: file hierarchy_layout.py: line 976: Pins don't align well so copying pins instead of connecting with pin.
WARNING: file hierarchy_layout.py: line 976: Pins don't align well so copying pins instead of connecting with pin.
WARNING: file hierarchy_layout.py: line 976: Pins don't align well so copying pins instead of connecting with pin.
WARNING: file hierarchy_layout.py: line 976: Pins don't align well so copying pins instead of connecting with pin.
WARNING: file hierarchy_layout.py: line 976: Pins don't align well so copying pins instead of connecting with pin.
WARNING: file hierarchy_layout.py: line 976: Pins don't align well so copying pins instead of connecting with pin.
