|==============================================================================|
|=========                      OpenRAM v1.2.49                       =========|
|=========                                                            =========|
|=========               VLSI Design and Automation Lab               =========|
|=========        Computer Science and Engineering Department         =========|
|=========            University of California Santa Cruz             =========|
|=========                                                            =========|
|=========          Usage help: openram-user-group@ucsc.edu           =========|
|=========        Development help: openram-dev-group@ucsc.edu        =========|
|=========                See LICENSE for license info                =========|
|==============================================================================|
** Start: 08/18/2026 16:43:56
Output files are: 
/home/rithwik/model2rtl/build/openram/weights_l1/out/weights_l1.sp
/home/rithwik/model2rtl/build/openram/weights_l1/out/weights_l1.v
/home/rithwik/model2rtl/build/openram/weights_l1/out/weights_l1.lef
/home/rithwik/model2rtl/build/openram/weights_l1/out/weights_l1.gds
create rom of word size 16 with 784 num of words
** Submodules: 1933.3 seconds
** Placement: 0.0 seconds
> /home/rithwik/OpenRAM/compiler/debug.py(48)error()
-> assert return_value == 0
(Pdb) 
WARNING: file globals.py: line 168: Failed to find coverage installation. This can be installed with pip3 install coverage
WARNING: file hierarchy_layout.py: line 976: Pins don't align well so copying pins instead of connecting with pin.
WARNING: file hierarchy_layout.py: line 976: Pins don't align well so copying pins instead of connecting with pin.
WARNING: file hierarchy_layout.py: line 976: Pins don't align well so copying pins instead of connecting with pin.
WARNING: file hierarchy_layout.py: line 976: Pins don't align well so copying pins instead of connecting with pin.
WARNING: file hierarchy_layout.py: line 976: Pins don't align well so copying pins instead of connecting with pin.
WARNING: file hierarchy_layout.py: line 976: Pins don't align well so copying pins instead of connecting with pin.
WARNING: file hierarchy_layout.py: line 976: Pins don't align well so copying pins instead of connecting with pin.
ERROR: file signal_escape_router.py: line 70: Couldn't route from (clk0 layer=m3 ll=v[-8.54,51.325] ur=v[-8.05,51.815]) to (clk0 layer=m3 ll=v[-8.43,51.38] ur=v[-8.05,51.76]).
Traceback (most recent call last):
  File "/home/rithwik/OpenRAM/rom_compiler.py", line 65, in <module>
    r = rom()
        ^^^^^
  File "/home/rithwik/OpenRAM/compiler/rom.py", line 54, in __init__
    self.r.create_layout()
  File "/home/rithwik/OpenRAM/compiler/modules/rom_bank.py", line 86, in create_layout
    self.route_layout()
  File "/home/rithwik/OpenRAM/compiler/modules/rom_bank.py", line 124, in route_layout
    self.route_escape_pins(init_bbox)
  File "/home/rithwik/OpenRAM/compiler/modules/rom_bank.py", line 534, in route_escape_pins
    rtr.route(pins_to_route)
  File "/home/rithwik/OpenRAM/compiler/router/signal_escape_router.py", line 70, in route
    debug.error("Couldn't route from {} to {}.".format(source, target), -1)
  File "/home/rithwik/OpenRAM/compiler/debug.py", line 48, in error
    assert return_value == 0
           ^^^^^^^^^^^^
  File "/usr/lib64/python3.11/bdb.py", line 90, in trace_dispatch
    return self.dispatch_line(frame)
           ^^^^^^^^^^^^^^^^^^^^^^^^^
  File "/usr/lib64/python3.11/bdb.py", line 115, in dispatch_line
    if self.quitting: raise BdbQuit
                      ^^^^^^^^^^^^^
bdb.BdbQuit
