[2026-08-18 17:54:57.080732] WARNING: file globals.py: line 168: Failed to find coverage installation. This can be installed with pip3 install coverage

[2026-08-18 17:54:57.883408] |==============================================================================|
[2026-08-18 17:54:57.883575] |=========                      OpenRAM v1.2.49                       =========|
[2026-08-18 17:54:57.883628] |=========                                                            =========|
[2026-08-18 17:54:57.883652] |=========               VLSI Design and Automation Lab               =========|
[2026-08-18 17:54:57.883671] |=========        Computer Science and Engineering Department         =========|
[2026-08-18 17:54:57.883690] |=========            University of California Santa Cruz             =========|
[2026-08-18 17:54:57.883710] |=========                                                            =========|
[2026-08-18 17:54:57.883729] |=========          Usage help: openram-user-group@ucsc.edu           =========|
[2026-08-18 17:54:57.883746] |=========        Development help: openram-dev-group@ucsc.edu        =========|
[2026-08-18 17:54:57.883763] |=========                See LICENSE for license info                =========|
[2026-08-18 17:54:57.883780] |==============================================================================|
[2026-08-18 17:54:57.883802] ** Start: 08/18/2026 17:54:57
[2026-08-18 17:54:57.883823] Output files are: 
[2026-08-18 17:54:57.883841] /home/rithwik/model2rtl/build/openram/weights_l2/out/weights_l2.sp
[2026-08-18 17:54:57.883858] /home/rithwik/model2rtl/build/openram/weights_l2/out/weights_l2.v
[2026-08-18 17:54:57.883875] /home/rithwik/model2rtl/build/openram/weights_l2/out/weights_l2.lef
[2026-08-18 17:54:57.883891] /home/rithwik/model2rtl/build/openram/weights_l2/out/weights_l2.gds
[2026-08-18 17:54:57.884176] create rom of word size 5 with 32 num of words
[2026-08-18 17:54:58.992201] ** Submodules: 1.1 seconds
[2026-08-18 17:54:58.992750] ** Placement: 0.0 seconds
[2026-08-18 17:55:07.430446] ** Routing: 8.4 seconds
[2026-08-18 17:55:07.430590] ** Verification: 0.0 seconds
[2026-08-18 17:55:07.430624] ** ROM creation: 9.5 seconds
[2026-08-18 17:55:07.430651] SP: Writing to /home/rithwik/model2rtl/build/openram/weights_l2/out/weights_l2.sp
[2026-08-18 17:55:07.450192] ** Spice writing: 0.0 seconds
[2026-08-18 17:55:07.450281] GDS: Writing to /home/rithwik/model2rtl/build/openram/weights_l2/out/weights_l2.gds
[2026-08-18 17:55:07.511197] ** GDS: 0.1 seconds
[2026-08-18 17:55:07.511259] LEF: Writing to /home/rithwik/model2rtl/build/openram/weights_l2/out/weights_l2.lef
[2026-08-18 17:55:07.512614] ** LEF: 0.0 seconds
[2026-08-18 17:55:07.512664] LVS: Writing to /home/rithwik/model2rtl/build/openram/weights_l2/out/weights_l2.lvs.sp
[2026-08-18 17:55:07.532210] ** LVS writing: 0.0 seconds
[2026-08-18 17:55:07.532496] Config: Writing to /home/rithwik/model2rtl/build/openram/weights_l2/out/weights_l2.py
[2026-08-18 17:55:07.532539] ** Config: 0.0 seconds
[2026-08-18 17:55:07.532562] Verilog: Writing to /home/rithwik/model2rtl/build/openram/weights_l2/out/weights_l2.v
[2026-08-18 17:55:07.532681] ** Verilog: 0.0 seconds
[2026-08-18 17:55:07.532935] ** End: 9.6 seconds
